C:\Users\Cesar\Desktop\PLANTILLA JERSY UMG\PLANTILLA JERSY\src\main\java\BACKEND\utils\FirmarDocumento.java
C:\Users\Cesar\Desktop\PLANTILLA JERSY UMG\PLANTILLA JERSY\src\main\java\BACKEND\manager\EjemploManager.java
C:\Users\Cesar\Desktop\PLANTILLA JERSY UMG\PLANTILLA JERSY\src\main\java\BACKEND\utils\ConnectionsPool.java
C:\Users\Cesar\Desktop\PLANTILLA JERSY UMG\PLANTILLA JERSY\src\main\java\BACKEND\utils\AesUtil.java
C:\Users\Cesar\Desktop\PLANTILLA JERSY UMG\PLANTILLA JERSY\src\main\java\BACKEND\utils\jsonResult.java
C:\Users\Cesar\Desktop\PLANTILLA JERSY UMG\PLANTILLA JERSY\src\main\java\BACKEND\model\EjemploMaestro.java
C:\Users\Cesar\Desktop\PLANTILLA JERSY UMG\PLANTILLA JERSY\src\main\java\BACKEND\utils\Hash.java
C:\Users\Cesar\Desktop\PLANTILLA JERSY UMG\PLANTILLA JERSY\src\main\java\BACKEND\utils\Encripter.java
C:\Users\Cesar\Desktop\PLANTILLA JERSY UMG\PLANTILLA JERSY\src\main\java\BACKEND\model\EjemploDetalle.java
C:\Users\Cesar\Desktop\PLANTILLA JERSY UMG\PLANTILLA JERSY\src\main\java\BACKEND\manager\CatalogosGeneralesManager.java
C:\Users\Cesar\Desktop\PLANTILLA JERSY UMG\PLANTILLA JERSY\src\main\java\BACKEND\model\Departamento.java
C:\Users\Cesar\Desktop\PLANTILLA JERSY UMG\PLANTILLA JERSY\src\main\java\BACKEND\model\Sucursal.java
C:\Users\Cesar\Desktop\PLANTILLA JERSY UMG\PLANTILLA JERSY\src\main\java\BACKEND\utils\Item.java
C:\Users\Cesar\Desktop\PLANTILLA JERSY UMG\PLANTILLA JERSY\src\main\java\BACKEND\utils\autenticarAD.java
C:\Users\Cesar\Desktop\PLANTILLA JERSY UMG\PLANTILLA JERSY\src\main\java\BACKEND\utils\Config.java
C:\Users\Cesar\Desktop\PLANTILLA JERSY UMG\PLANTILLA JERSY\src\main\java\BACKEND\model\Municipio.java
C:\Users\Cesar\Desktop\PLANTILLA JERSY UMG\PLANTILLA JERSY\src\main\java\BACKEND\utils\CustomException.java
C:\Users\Cesar\Desktop\PLANTILLA JERSY UMG\PLANTILLA JERSY\src\main\java\BACKEND\MyResource.java
C:\Users\Cesar\Desktop\PLANTILLA JERSY UMG\PLANTILLA JERSY\src\main\java\BACKEND\manager\GestionConversionesManager.java
C:\Users\Cesar\Desktop\PLANTILLA JERSY UMG\PLANTILLA JERSY\src\main\java\BACKEND\controller\EjemploController.java
C:\Users\Cesar\Desktop\PLANTILLA JERSY UMG\PLANTILLA JERSY\src\main\java\BACKEND\model\Ejemplo.java
C:\Users\Cesar\Desktop\PLANTILLA JERSY UMG\PLANTILLA JERSY\src\main\java\BACKEND\model\ParametrosGeneralesConsulta.java
C:\Users\Cesar\Desktop\PLANTILLA JERSY UMG\PLANTILLA JERSY\src\main\java\BACKEND\utils\ResourceLoader.java
C:\Users\Cesar\Desktop\PLANTILLA JERSY UMG\PLANTILLA JERSY\src\main\java\BACKEND\controller\CatalogosGeneralesController.java
C:\Users\Cesar\Desktop\PLANTILLA JERSY UMG\PLANTILLA JERSY\src\main\java\BACKEND\controller\GestionConversionesController.java
